// Jest Snapshot v1, https://goo.gl/fbAQLP

exports[`Spinner should be rendered correctly 1`] = `
<div
  className="spinner-container mb-3 text-center"
>
  <div
    className="spinner"
  />
</div>
`;
